
> dilan-danismanlik-web@0.1.0 build
> next build

node:fs:440
    return binding.readFileUtf8(path, stringToFlags(options.flag));
                   ^

Error: ETIMEDOUT: connection timed out, read
    at Object.readFileSync (node:fs:440:20)
    at defaultLoadImpl (node:internal/modules/cjs/loader:1105:17)
    at loadSource (node:internal/modules/cjs/loader:1733:20)
    at Module._extensions..js (node:internal/modules/cjs/loader:1832:44)
    at Module.load (node:internal/modules/cjs/loader:1441:32)
    at Module._load (node:internal/modules/cjs/loader:1263:12)
    at TracingChannel.traceSync (node:diagnostics_channel:328:14)
    at wrapModuleLoad (node:internal/modules/cjs/loader:237:24)
    at Module.require (node:internal/modules/cjs/loader:1463:12)
    at mod.require (/Users/baso/Documents/GitHub/dilan_danismanlik/node_modules/next/dist/server/require-hook.js:79:28) {
  errno: -60,
  code: 'ETIMEDOUT',
  syscall: 'read'
}

Node.js v22.22.0
